﻿[36mvite v6.4.1 [32mbuilding for production...[36m[39m
transforming...
[32mΓ£ô[39m 18 modules transformed.
node.exe : [31mΓ£ù[39m 
Build failed in 242ms
No linha:1 caractere:1
+ & "C:\Program 
Files\nodejs/node.exe" 
"C:\Program 
Files\nodejs/node_mo ...
+ ~~~~~~~~~~~~~~~~~~~~~~~~~
~~~~~~~~~~~~~~~~~~~~~~~~~~~
~~~~~~~~~~~~~~~~~
    + CategoryInfo         
     : NotSpecified: ([3  
  1mΓ£ù[39m Build faile   
 d in 242ms:String) [],    
 RemoteException
    + FullyQualifiedErrorI 
   d : NativeCommandError
 
[31merror during build:
[31m[@tailwindcss/vite:gen
erate:build] Invalid 
declaration: `0,300;0,400;0
,500;0,700;0,900;1,100;1,30
0;1,400;1,500;1,700;1,900&d
isplay=swap)`[31m
file: [36mC:/Users/gabri/.
gemini/antigravity/playgrou
nd/CORESTUDIO_plataforma-at
iva-fullstack_react-ts-node
-supabase_ATIVO-RENDER_2026
-03/base.css[31m
    at Se (file:///C:/Users
/gabri/.gemini/antigravity/
playground/CORESTUDIO_plata
forma-ativa-fullstack_react
-ts-node-supabase_ATIVO-REN
DER_2026-03/node_modules/ta
ilwindcss/dist/chunk-F4544Y
4M.mjs:1:2763)
    at yf (file:///C:/Users
/gabri/.gemini/antigravity/
playground/CORESTUDIO_plata
forma-ativa-fullstack_react
-ts-node-supabase_ATIVO-REN
DER_2026-03/node_modules/ta
ilwindcss/dist/chunk-F4544Y
4M.mjs:38:1384)
    at uu (file:///C:/Users
/gabri/.gemini/antigravity/
playground/CORESTUDIO_plata
forma-ativa-fullstack_react
-ts-node-supabase_ATIVO-REN
DER_2026-03/node_modules/@t
ailwindcss/node/dist/index.
mjs:10:3463)
    at B.generate (file:///
C:/Users/gabri/.gemini/anti
gravity/playground/CORESTUD
IO_plataforma-ativa-fullsta
ck_react-ts-node-supabase_A
TIVO-RENDER_2026-03/node_mo
dules/@tailwindcss/vite/dis
t/index.mjs:1:5242)
    at Object.handler (file
:///C:/Users/gabri/.gemini/
antigravity/playground/CORE
STUDIO_plataforma-ativa-ful
lstack_react-ts-node-supaba
se_ATIVO-RENDER_2026-03/nod
e_modules/@tailwindcss/vite
/dist/index.mjs:1:3965)
    at Object.handler (file
:///C:/Users/gabri/.gemini/
antigravity/playground/CORE
STUDIO_plataforma-ativa-ful
lstack_react-ts-node-supaba
se_ATIVO-RENDER_2026-03/nod
e_modules/vite/dist/node/ch
unks/dep-D4NMHUTW.js:46537:
15)
    at file:///C:/Users/gab
ri/.gemini/antigravity/play
ground/CORESTUDIO_plataform
a-ativa-fullstack_react-ts-
node-supabase_ATIVO-RENDER_
2026-03/node_modules/rollup
/dist/es/shared/node-entry.
js:22626:40[39m
